
[TestPrinter/Component_with_await - 1]
## Input

```
<body><Component> { await Promise.resolve("Awaited") } </Component></body>
```

## Output

```js
import {
  Fragment,
  render as $$render,
  createAstro as $$createAstro,
  createComponent as $$createComponent,
  renderComponent as $$renderComponent,
  renderHead as $$renderHead,
  maybeRenderHead as $$maybeRenderHead,
  unescapeHTML as $$unescapeHTML,
  renderSlot as $$renderSlot,
  mergeSlots as $$mergeSlots,
  addAttribute as $$addAttribute,
  spreadAttributes as $$spreadAttributes,
  defineStyleVars as $$defineStyleVars,
  defineScriptVars as $$defineScriptVars,
  renderTransition as $$renderTransition,
  createTransitionScope as $$createTransitionScope,
  renderScript as $$renderScript,
  createMetadata as $$createMetadata
} from "http://localhost:3000/";

export const $$metadata = $$createMetadata(import.meta.url, { modules: [], hydratedComponents: [], clientOnlyComponents: [], hydrationDirectives: new Set([]), hoisted: [] });

const $$Component = $$createComponent(async ($$result, $$props, $$slots) => {

return $$render`${$$maybeRenderHead($$result)}<body>${$$renderComponent($$result,'Component',Component,{},{"default": async () => $$render`${ await Promise.resolve("Awaited") }`,})}</body>`;
}, undefined, undefined);
export default $$Component;
```
---
